// Jest Snapshot v1, https://goo.gl/fbAQLP

exports[`spec/IconEmpty renders [EMPTY] 1`] = `
<div
  css={
    [
      [
        {
          "backgroundColor": "#c0a793",
          "borderColor": "#3918df",
        },
        null,
        null,
        null,
      ],
      {
        "alignItems": "stretch",
        "cursor": undefined,
        "display": "flex",
        "flexDirection": "column",
        "flexGrow": 0,
        "flexShrink": 0,
        "justifyContent": "flex-start",
        "opacity": 1,
        "pointerEvents": "auto",
        "position": "relative",
        "userSelect": "auto",
      },
      {
        "bottom": 0,
        "left": 0,
        "position": "absolute",
        "right": 0,
        "top": 0,
      },
    ]
  }
  disabled={null}
  href={null}
>
  <div
    css={
      [
        [
          {
            "backgroundColor": "#c0a793",
            "borderColor": "#3918df",
          },
          null,
          null,
          null,
        ],
        {
          "alignItems": "stretch",
          "cursor": undefined,
          "display": "flex",
          "flexDirection": "column",
          "flexGrow": 0,
          "flexShrink": 0,
          "justifyContent": "flex-start",
          "opacity": 1,
          "pointerEvents": "auto",
          "position": "relative",
          "userSelect": "auto",
        },
        [
          {
            "bottom": 0,
            "height": undefined,
            "left": 0,
            "overflow": "hidden",
            "position": "absolute",
            "right": 0,
            "top": 0,
            "width": undefined,
          },
          {
            "pointerEvents": "none",
            "position": "fixed",
            "zIndex": 1000,
          },
        ],
      ]
    }
    disabled={null}
    href={null}
  >
    <div
      css={
        [
          [
            {
              "backgroundColor": "#c0a793",
              "borderColor": "#3918df",
            },
            null,
            null,
            null,
          ],
          {
            "alignItems": "flex-end",
            "cursor": undefined,
            "display": "flex",
            "flexDirection": "column",
            "flexGrow": 0,
            "flexShrink": 0,
            "justifyContent": "flex-start",
            "opacity": 1,
            "pointerEvents": "none",
            "position": "relative",
            "userSelect": "auto",
          },
          [
            {
              "bottom": 0,
              "left": 0,
              "overflow": "hidden",
              "position": "absolute",
              "right": 0,
              "top": 0,
            },
            {
              "bottom": 100,
              "zIndex": 100,
            },
          ],
        ]
      }
      disabled={null}
      href={null}
    />
  </div>
</div>
`;

exports[`spec/IconEmpty renders 071f88f99 1`] = `
<div
  css={
    [
      [
        {
          "backgroundColor": "#c0a793",
          "borderColor": "#3918df",
        },
        null,
        null,
        null,
      ],
      {
        "alignItems": "stretch",
        "cursor": undefined,
        "display": "flex",
        "flexDirection": "column",
        "flexGrow": 0,
        "flexShrink": 0,
        "justifyContent": "flex-start",
        "opacity": 1,
        "pointerEvents": "auto",
        "position": "relative",
        "userSelect": "auto",
      },
      {
        "bottom": 0,
        "left": 0,
        "position": "absolute",
        "right": 0,
        "top": 0,
      },
    ]
  }
  disabled={null}
  href={null}
>
  <div
    css={
      [
        [
          {
            "backgroundColor": "#c0a793",
            "borderColor": "#3918df",
          },
          null,
          null,
          null,
        ],
        {
          "alignItems": "stretch",
          "cursor": undefined,
          "display": "flex",
          "flexDirection": "column",
          "flexGrow": 0,
          "flexShrink": 0,
          "justifyContent": "flex-start",
          "opacity": 1,
          "pointerEvents": "auto",
          "position": "relative",
          "userSelect": "auto",
        },
        [
          {
            "bottom": 0,
            "height": undefined,
            "left": 0,
            "overflow": "hidden",
            "position": "absolute",
            "right": 0,
            "top": 0,
            "width": undefined,
          },
          {
            "pointerEvents": "none",
            "position": "fixed",
            "zIndex": 1000,
          },
        ],
      ]
    }
    disabled={null}
    href={null}
  >
    <div
      css={
        [
          [
            {
              "backgroundColor": "#c0a793",
              "borderColor": "#3918df",
            },
            null,
            null,
            null,
          ],
          {
            "alignItems": "flex-end",
            "cursor": undefined,
            "display": "flex",
            "flexDirection": "column",
            "flexGrow": 0,
            "flexShrink": 0,
            "justifyContent": "flex-start",
            "opacity": 1,
            "pointerEvents": "none",
            "position": "relative",
            "userSelect": "auto",
          },
          [
            {
              "bottom": 0,
              "left": 0,
              "overflow": "hidden",
              "position": "absolute",
              "right": 0,
              "top": 0,
            },
            {
              "bottom": 100,
              "zIndex": 100,
            },
          ],
        ]
      }
      disabled={null}
      href={null}
    />
  </div>
</div>
`;

exports[`spec/IconEmpty renders 0442ee715e 1`] = `
<div
  css={
    [
      [
        {
          "backgroundColor": "#c0a793",
          "borderColor": "#3918df",
        },
        null,
        null,
        null,
      ],
      {
        "alignItems": "stretch",
        "cursor": undefined,
        "display": "flex",
        "flexDirection": "column",
        "flexGrow": 0,
        "flexShrink": 0,
        "justifyContent": "flex-start",
        "opacity": 1,
        "pointerEvents": "auto",
        "position": "relative",
        "userSelect": "auto",
      },
      {
        "bottom": 0,
        "left": 0,
        "position": "absolute",
        "right": 0,
        "top": 0,
      },
    ]
  }
  disabled={null}
  href={null}
>
  <div
    css={
      [
        [
          {
            "backgroundColor": "#c0a793",
            "borderColor": "#3918df",
          },
          null,
          null,
          null,
        ],
        {
          "alignItems": "stretch",
          "cursor": undefined,
          "display": "flex",
          "flexDirection": "column",
          "flexGrow": 0,
          "flexShrink": 0,
          "justifyContent": "flex-start",
          "opacity": 1,
          "pointerEvents": "auto",
          "position": "relative",
          "userSelect": "auto",
        },
        [
          {
            "bottom": 0,
            "height": undefined,
            "left": 0,
            "overflow": "hidden",
            "position": "absolute",
            "right": 0,
            "top": 0,
            "width": undefined,
          },
          {
            "pointerEvents": "none",
            "position": "fixed",
            "zIndex": 1000,
          },
        ],
      ]
    }
    disabled={null}
    href={null}
  >
    <div
      css={
        [
          [
            {
              "backgroundColor": "#c0a793",
              "borderColor": "#3918df",
            },
            null,
            null,
            null,
          ],
          {
            "alignItems": "flex-end",
            "cursor": undefined,
            "display": "flex",
            "flexDirection": "column",
            "flexGrow": 0,
            "flexShrink": 0,
            "justifyContent": "flex-start",
            "opacity": 1,
            "pointerEvents": "none",
            "position": "relative",
            "userSelect": "auto",
          },
          [
            {
              "bottom": 0,
              "left": 0,
              "overflow": "hidden",
              "position": "absolute",
              "right": 0,
              "top": 0,
            },
            {
              "bottom": 100,
              "zIndex": 100,
            },
          ],
        ]
      }
      disabled={null}
      href={null}
    />
  </div>
</div>
`;

exports[`spec/IconEmpty renders 01712ef206 1`] = `
<div
  css={
    [
      [
        {
          "backgroundColor": "#c0a793",
          "borderColor": "#3918df",
        },
        null,
        null,
        null,
      ],
      {
        "alignItems": "stretch",
        "cursor": undefined,
        "display": "flex",
        "flexDirection": "column",
        "flexGrow": 0,
        "flexShrink": 0,
        "justifyContent": "flex-start",
        "opacity": 1,
        "pointerEvents": "auto",
        "position": "relative",
        "userSelect": "auto",
      },
      {
        "bottom": 0,
        "left": 0,
        "position": "absolute",
        "right": 0,
        "top": 0,
      },
    ]
  }
  disabled={null}
  href={null}
>
  <div
    css={
      [
        [
          {
            "backgroundColor": "#c0a793",
            "borderColor": "#3918df",
          },
          null,
          null,
          null,
        ],
        {
          "alignItems": "stretch",
          "cursor": undefined,
          "display": "flex",
          "flexDirection": "column",
          "flexGrow": 0,
          "flexShrink": 0,
          "justifyContent": "flex-start",
          "opacity": 1,
          "pointerEvents": "auto",
          "position": "relative",
          "userSelect": "auto",
        },
        [
          {
            "bottom": 0,
            "height": undefined,
            "left": 0,
            "overflow": "hidden",
            "position": "absolute",
            "right": 0,
            "top": 0,
            "width": undefined,
          },
          {
            "pointerEvents": "none",
            "position": "fixed",
            "zIndex": 1000,
          },
        ],
      ]
    }
    disabled={null}
    href={null}
  >
    <div
      css={
        [
          [
            {
              "backgroundColor": "#c0a793",
              "borderColor": "#3918df",
            },
            null,
            null,
            null,
          ],
          {
            "alignItems": "flex-end",
            "cursor": undefined,
            "display": "flex",
            "flexDirection": "column",
            "flexGrow": 0,
            "flexShrink": 0,
            "justifyContent": "flex-start",
            "opacity": 1,
            "pointerEvents": "none",
            "position": "relative",
            "userSelect": "auto",
          },
          [
            {
              "bottom": 0,
              "left": 0,
              "overflow": "hidden",
              "position": "absolute",
              "right": 0,
              "top": 0,
            },
            {
              "bottom": 100,
              "zIndex": 100,
            },
          ],
        ]
      }
      disabled={null}
      href={null}
    />
  </div>
</div>
`;

exports[`spec/IconEmpty renders 7df19aa5 1`] = `
<div
  css={
    [
      [
        {
          "backgroundColor": "#c0a793",
          "borderColor": "#3918df",
        },
        null,
        null,
        null,
      ],
      {
        "alignItems": "stretch",
        "cursor": undefined,
        "display": "flex",
        "flexDirection": "column",
        "flexGrow": 0,
        "flexShrink": 0,
        "justifyContent": "flex-start",
        "opacity": 1,
        "pointerEvents": "auto",
        "position": "relative",
        "userSelect": "auto",
      },
      {
        "bottom": 0,
        "left": 0,
        "position": "absolute",
        "right": 0,
        "top": 0,
      },
    ]
  }
  disabled={null}
  href={null}
>
  <div
    css={
      [
        [
          {
            "backgroundColor": "#c0a793",
            "borderColor": "#3918df",
          },
          null,
          null,
          null,
        ],
        {
          "alignItems": "stretch",
          "cursor": undefined,
          "display": "flex",
          "flexDirection": "column",
          "flexGrow": 0,
          "flexShrink": 0,
          "justifyContent": "flex-start",
          "opacity": 1,
          "pointerEvents": "auto",
          "position": "relative",
          "userSelect": "auto",
        },
        [
          {
            "bottom": 0,
            "height": undefined,
            "left": 0,
            "overflow": "hidden",
            "position": "absolute",
            "right": 0,
            "top": 0,
            "width": undefined,
          },
          {
            "pointerEvents": "none",
            "position": "fixed",
            "zIndex": 1000,
          },
        ],
      ]
    }
    disabled={null}
    href={null}
  >
    <div
      css={
        [
          [
            {
              "backgroundColor": "#c0a793",
              "borderColor": "#3918df",
            },
            null,
            null,
            null,
          ],
          {
            "alignItems": "flex-end",
            "cursor": undefined,
            "display": "flex",
            "flexDirection": "column",
            "flexGrow": 0,
            "flexShrink": 0,
            "justifyContent": "flex-start",
            "opacity": 1,
            "pointerEvents": "none",
            "position": "relative",
            "userSelect": "auto",
          },
          [
            {
              "bottom": 0,
              "left": 0,
              "overflow": "hidden",
              "position": "absolute",
              "right": 0,
              "top": 0,
            },
            {
              "bottom": 100,
              "zIndex": 100,
            },
          ],
        ]
      }
      disabled={null}
      href={null}
    />
  </div>
</div>
`;
